MSBuild version 17.9.8+b34f75857 for .NET
  Determining projects to restore...
  All projects are up-to-date for restore.
  ExpenseTracker -> C:\Users\HareneeS\Desktop\Expense_Tracker\ExpenseTracker\bin\Debug\net8.0\ExpenseTracker.dll
C:\Users\HareneeS\Desktop\Expense_Tracker\ExpenseTracker.Tests\BudgetAlertTest.cs(150,27): error CS7036: There is no argument given that corresponds to the required parameter 'logger' of 'TransactionService.TransactionService(ITransactionRepository, IAccountRepository, ICategoryRepository, IEmailService, AppDbContext, ILogger<TransactionService>)' [C:\Users\HareneeS\Desktop\Expense_Tracker\ExpenseTracker.Tests\ExpenseTracker.Tests.csproj]

Build FAILED.

C:\Users\HareneeS\Desktop\Expense_Tracker\ExpenseTracker.Tests\BudgetAlertTest.cs(150,27): error CS7036: There is no argument given that corresponds to the required parameter 'logger' of 'TransactionService.TransactionService(ITransactionRepository, IAccountRepository, ICategoryRepository, IEmailService, AppDbContext, ILogger<TransactionService>)' [C:\Users\HareneeS\Desktop\Expense_Tracker\ExpenseTracker.Tests\ExpenseTracker.Tests.csproj]
    0 Warning(s)
    1 Error(s)

Time Elapsed 00:00:02.10
